{
  "apple": {
    "charlie": "value3",
    "delta": "value4"
  },
  "banana": {
    "echo": "value5",
    "foxtrot": "value6"
  },
  "zebra": {
    "alpha": "value1",
    "beta": "value2"
  }
}