{
  "list": [
    1,
    2,
    3
  ],
  "outer": {
    "a": 1,
    "z": 2
  }
}