{
  "mixed": [
    1,
    2,
    3,
    "apple",
    "banana",
    "zebra"
  ],
  "numbers": [
    1,
    1,
    2,
    3,
    4,
    5,
    6,
    9
  ],
  "strings": [
    "apple",
    "banana",
    "cherry",
    "zebra"
  ]
}