{
  "products": [
    {
      "id": 3,
      "name": "zebra",
      "price": 100
    },
    {
      "id": 1,
      "name": "apple",
      "price": 50
    },
    {
      "id": 2,
      "name": "banana",
      "price": 75
    }
  ],
  "users": [
    {
      "age": 30,
      "city": "zoo",
      "name": "zebra"
    },
    {
      "age": 25,
      "city": "garden",
      "name": "apple"
    },
    {
      "age": 35,
      "city": "market",
      "name": "banana"
    }
  ]
}