{
  "a": "first",
  "café": "coffee",
  "naïve": "innocent",
  "résumé": "summary"
}