{
  "a": 1,
  "b": null,
  "c": null,
  "d": 2,
  "simple_sort": {
    "a": 1,
    "b": 2,
    "c": 3
  }
}
