key_block: |
  line1
  line2
  line3
key_folded: >
  line1
  line2
  line3
