first_document:
  key1: value1
  key2: value2
second_document:
  key3: value3
  key4: value4
